Archive member included to satisfy reference by file (symbol)

/mnt/d/GitHub/weather-station/esp-generic/build/bootloader/main/libmain.a(bootloader_start.o)
                              (call_start_cpu)
/mnt/d/GitHub/weather-station/esp-generic/build/bootloader/bootloader_support/libbootloader_support.a(bootloader_init.o)
                              /mnt/d/GitHub/weather-station/esp-generic/build/bootloader/main/libmain.a(bootloader_start.o) (bootloader_init)
/mnt/d/GitHub/weather-station/esp-generic/build/bootloader/bootloader_support/libbootloader_support.a(bootloader_utility.o)
                              /mnt/d/GitHub/weather-station/esp-generic/build/bootloader/main/libmain.a(bootloader_start.o) (bootloader_utility_load_partition_table)
/mnt/d/GitHub/weather-station/esp-generic/build/bootloader/bootloader_support/libbootloader_support.a(bootloader_common.o)
                              /mnt/d/GitHub/weather-station/esp-generic/build/bootloader/bootloader_support/libbootloader_support.a(bootloader_utility.o) (bootloader_common_ota_select_valid)
/mnt/d/GitHub/weather-station/esp-generic/build/bootloader/bootloader_support/libbootloader_support.a(flash_partitions.o)
                              /mnt/d/GitHub/weather-station/esp-generic/build/bootloader/bootloader_support/libbootloader_support.a(bootloader_utility.o) (esp_partition_table_basic_verify)
/mnt/d/GitHub/weather-station/esp-generic/build/bootloader/bootloader_support/libbootloader_support.a(esp_image_format.o)
                              /mnt/d/GitHub/weather-station/esp-generic/build/bootloader/bootloader_support/libbootloader_support.a(bootloader_utility.o) (esp_image_load)
/mnt/d/GitHub/weather-station/esp-generic/build/bootloader/bootloader_support/libbootloader_support.a(bootloader_flash.o)
                              /mnt/d/GitHub/weather-station/esp-generic/build/bootloader/bootloader_support/libbootloader_support.a(bootloader_utility.o) (bootloader_mmap)
/mnt/d/GitHub/weather-station/esp-generic/build/bootloader/spi_flash/libspi_flash.a(spi_flash.o)
                              /mnt/d/GitHub/weather-station/esp-generic/build/bootloader/bootloader_support/libbootloader_support.a(flash_partitions.o) (g_rom_flashchip)
/mnt/d/GitHub/weather-station/esp-generic/build/bootloader/spi_flash/libspi_flash.a(spi_flash_raw.o)
                              /mnt/d/GitHub/weather-station/esp-generic/build/bootloader/spi_flash/libspi_flash.a(spi_flash.o) (spi_flash_get_id_raw)
/mnt/d/GitHub/weather-station/esp-generic/build/bootloader/log/liblog.a(log.o)
                              /mnt/d/GitHub/weather-station/esp-generic/build/bootloader/bootloader_support/libbootloader_support.a(bootloader_common.o) (esp_log_early_timestamp)
/mnt/d/GitHub/weather-station/esp-generic/build/bootloader/esp8266/libesp8266.a(ets_printf.o)
                              /mnt/d/GitHub/weather-station/esp-generic/build/bootloader/log/liblog.a(log.o) (ets_vprintf)
/mnt/d/GitHub/weather-station/esp-generic/build/bootloader/esp8266/libesp8266.a(crc.o)
                              /mnt/d/GitHub/weather-station/esp-generic/build/bootloader/bootloader_support/libbootloader_support.a(bootloader_common.o) (crc32_le)
/mnt/d/GitHub/weather-station/esp-generic/build/bootloader/esp8266/libesp8266.a(esp_fast_boot.o)
                              /mnt/d/GitHub/weather-station/esp-generic/build/bootloader/bootloader_support/libbootloader_support.a(bootloader_utility.o) (esp_fast_boot_get_info)
/home/ivancivanov/esp/ESP8266_RTOS_SDK/components/esp8266/lib/libcore.a(phy.o)
                              /mnt/d/GitHub/weather-station/esp-generic/build/bootloader/bootloader_support/libbootloader_support.a(bootloader_init.o) (phy_reg_default)

Allocating common symbols
Common symbol       size              file

esp_image_spi_freq_t
                    0x4               /mnt/d/GitHub/weather-station/esp-generic/build/bootloader/main/libmain.a(bootloader_start.o)

Discarded input sections

 .text          0x0000000000000000        0x0 /mnt/d/GitHub/weather-station/esp-generic/build/bootloader/main/libmain.a(bootloader_start.o)
 .data          0x0000000000000000        0x0 /mnt/d/GitHub/weather-station/esp-generic/build/bootloader/main/libmain.a(bootloader_start.o)
 .bss           0x0000000000000000        0x0 /mnt/d/GitHub/weather-station/esp-generic/build/bootloader/main/libmain.a(bootloader_start.o)
 .xt.lit        0x0000000000000000        0x8 /mnt/d/GitHub/weather-station/esp-generic/build/bootloader/main/libmain.a(bootloader_start.o)
 .xt.prop       0x0000000000000000       0x54 /mnt/d/GitHub/weather-station/esp-generic/build/bootloader/main/libmain.a(bootloader_start.o)
 COMMON         0x0000000000000000        0x4 /mnt/d/GitHub/weather-station/esp-generic/build/bootloader/main/libmain.a(bootloader_start.o)
 .text          0x0000000000000000        0x0 /mnt/d/GitHub/weather-station/esp-generic/build/bootloader/bootloader_support/libbootloader_support.a(bootloader_init.o)
 .data          0x0000000000000000        0x0 /mnt/d/GitHub/weather-station/esp-generic/build/bootloader/bootloader_support/libbootloader_support.a(bootloader_init.o)
 .bss           0x0000000000000000        0x0 /mnt/d/GitHub/weather-station/esp-generic/build/bootloader/bootloader_support/libbootloader_support.a(bootloader_init.o)
 .xt.lit        0x0000000000000000        0x8 /mnt/d/GitHub/weather-station/esp-generic/build/bootloader/bootloader_support/libbootloader_support.a(bootloader_init.o)
 .xt.prop       0x0000000000000000       0x6c /mnt/d/GitHub/weather-station/esp-generic/build/bootloader/bootloader_support/libbootloader_support.a(bootloader_init.o)
 .literal.bootloader_utility_fast_boot_image
                0x0000000000000000        0x8 /mnt/d/GitHub/weather-station/esp-generic/build/bootloader/bootloader_support/libbootloader_support.a(bootloader_utility.o)
 .text          0x0000000000000000        0x0 /mnt/d/GitHub/weather-station/esp-generic/build/bootloader/bootloader_support/libbootloader_support.a(bootloader_utility.o)
 .data          0x0000000000000000        0x0 /mnt/d/GitHub/weather-station/esp-generic/build/bootloader/bootloader_support/libbootloader_support.a(bootloader_utility.o)
 .bss           0x0000000000000000        0x0 /mnt/d/GitHub/weather-station/esp-generic/build/bootloader/bootloader_support/libbootloader_support.a(bootloader_utility.o)
 .text.bootloader_utility_fast_boot_image
                0x0000000000000000       0x35 /mnt/d/GitHub/weather-station/esp-generic/build/bootloader/bootloader_support/libbootloader_support.a(bootloader_utility.o)
 .xt.lit        0x0000000000000000       0x38 /mnt/d/GitHub/weather-station/esp-generic/build/bootloader/bootloader_support/libbootloader_support.a(bootloader_utility.o)
 .xt.prop       0x0000000000000000      0x480 /mnt/d/GitHub/weather-station/esp-generic/build/bootloader/bootloader_support/libbootloader_support.a(bootloader_utility.o)
 .literal.bootloader_common_check_long_hold_gpio
                0x0000000000000000       0x58 /mnt/d/GitHub/weather-station/esp-generic/build/bootloader/bootloader_support/libbootloader_support.a(bootloader_common.o)
 .text          0x0000000000000000        0x0 /mnt/d/GitHub/weather-station/esp-generic/build/bootloader/bootloader_support/libbootloader_support.a(bootloader_common.o)
 .data          0x0000000000000000        0x0 /mnt/d/GitHub/weather-station/esp-generic/build/bootloader/bootloader_support/libbootloader_support.a(bootloader_common.o)
 .bss           0x0000000000000000        0x0 /mnt/d/GitHub/weather-station/esp-generic/build/bootloader/bootloader_support/libbootloader_support.a(bootloader_common.o)
 .text.bootloader_common_check_long_hold_gpio
                0x0000000000000000      0x1ac /mnt/d/GitHub/weather-station/esp-generic/build/bootloader/bootloader_support/libbootloader_support.a(bootloader_common.o)
 .xt.lit        0x0000000000000000       0x18 /mnt/d/GitHub/weather-station/esp-generic/build/bootloader/bootloader_support/libbootloader_support.a(bootloader_common.o)
 .xt.prop       0x0000000000000000      0x174 /mnt/d/GitHub/weather-station/esp-generic/build/bootloader/bootloader_support/libbootloader_support.a(bootloader_common.o)
 .text          0x0000000000000000        0x0 /mnt/d/GitHub/weather-station/esp-generic/build/bootloader/bootloader_support/libbootloader_support.a(flash_partitions.o)
 .data          0x0000000000000000        0x0 /mnt/d/GitHub/weather-station/esp-generic/build/bootloader/bootloader_support/libbootloader_support.a(flash_partitions.o)
 .bss           0x0000000000000000        0x0 /mnt/d/GitHub/weather-station/esp-generic/build/bootloader/bootloader_support/libbootloader_support.a(flash_partitions.o)
 .xt.lit        0x0000000000000000        0x8 /mnt/d/GitHub/weather-station/esp-generic/build/bootloader/bootloader_support/libbootloader_support.a(flash_partitions.o)
 .xt.prop       0x0000000000000000       0xc0 /mnt/d/GitHub/weather-station/esp-generic/build/bootloader/bootloader_support/libbootloader_support.a(flash_partitions.o)
 .literal.esp_image_verify_bootloader
                0x0000000000000000        0x8 /mnt/d/GitHub/weather-station/esp-generic/build/bootloader/bootloader_support/libbootloader_support.a(esp_image_format.o)
 .text          0x0000000000000000        0x0 /mnt/d/GitHub/weather-station/esp-generic/build/bootloader/bootloader_support/libbootloader_support.a(esp_image_format.o)
 .data          0x0000000000000000        0x0 /mnt/d/GitHub/weather-station/esp-generic/build/bootloader/bootloader_support/libbootloader_support.a(esp_image_format.o)
 .bss           0x0000000000000000        0x0 /mnt/d/GitHub/weather-station/esp-generic/build/bootloader/bootloader_support/libbootloader_support.a(esp_image_format.o)
 .text.esp_image_verify_bootloader
                0x0000000000000000       0x48 /mnt/d/GitHub/weather-station/esp-generic/build/bootloader/bootloader_support/libbootloader_support.a(esp_image_format.o)
 .xt.lit        0x0000000000000000       0x10 /mnt/d/GitHub/weather-station/esp-generic/build/bootloader/bootloader_support/libbootloader_support.a(esp_image_format.o)
 .xt.prop       0x0000000000000000      0x2b8 /mnt/d/GitHub/weather-station/esp-generic/build/bootloader/bootloader_support/libbootloader_support.a(esp_image_format.o)
 .literal.bootloader_flash_write
                0x0000000000000000       0x24 /mnt/d/GitHub/weather-station/esp-generic/build/bootloader/bootloader_support/libbootloader_support.a(bootloader_flash.o)
 .literal.bootloader_flash_erase_sector
                0x0000000000000000        0x4 /mnt/d/GitHub/weather-station/esp-generic/build/bootloader/bootloader_support/libbootloader_support.a(bootloader_flash.o)
 .text          0x0000000000000000        0x0 /mnt/d/GitHub/weather-station/esp-generic/build/bootloader/bootloader_support/libbootloader_support.a(bootloader_flash.o)
 .data          0x0000000000000000        0x0 /mnt/d/GitHub/weather-station/esp-generic/build/bootloader/bootloader_support/libbootloader_support.a(bootloader_flash.o)
 .bss           0x0000000000000000        0x0 /mnt/d/GitHub/weather-station/esp-generic/build/bootloader/bootloader_support/libbootloader_support.a(bootloader_flash.o)
 .rodata.bootloader_flash_write.str1.1
                0x0000000000000000       0xa2 /mnt/d/GitHub/weather-station/esp-generic/build/bootloader/bootloader_support/libbootloader_support.a(bootloader_flash.o)
 .text.bootloader_flash_write
                0x0000000000000000       0x8a /mnt/d/GitHub/weather-station/esp-generic/build/bootloader/bootloader_support/libbootloader_support.a(bootloader_flash.o)
 .text.bootloader_flash_erase_sector
                0x0000000000000000       0x15 /mnt/d/GitHub/weather-station/esp-generic/build/bootloader/bootloader_support/libbootloader_support.a(bootloader_flash.o)
 .xt.lit        0x0000000000000000       0x28 /mnt/d/GitHub/weather-station/esp-generic/build/bootloader/bootloader_support/libbootloader_support.a(bootloader_flash.o)
 .xt.prop       0x0000000000000000      0x1e0 /mnt/d/GitHub/weather-station/esp-generic/build/bootloader/bootloader_support/libbootloader_support.a(bootloader_flash.o)
 .literal.spi_flash_program
                0x0000000000000000       0x1c /mnt/d/GitHub/weather-station/esp-generic/build/bootloader/spi_flash/libspi_flash.a(spi_flash.o)
 .literal.__spi_flash_read
                0x0000000000000000       0x10 /mnt/d/GitHub/weather-station/esp-generic/build/bootloader/spi_flash/libspi_flash.a(spi_flash.o)
 .literal.spi_flash_read$part$2
                0x0000000000000000       0x20 /mnt/d/GitHub/weather-station/esp-generic/build/bootloader/spi_flash/libspi_flash.a(spi_flash.o)
 .literal.spi_flash_write_status
                0x0000000000000000        0xc /mnt/d/GitHub/weather-station/esp-generic/build/bootloader/spi_flash/libspi_flash.a(spi_flash.o)
 .literal.spi_flash_check_wr_protect
                0x0000000000000000       0x38 /mnt/d/GitHub/weather-station/esp-generic/build/bootloader/spi_flash/libspi_flash.a(spi_flash.o)
 .literal.spi_flash_erase_sector
                0x0000000000000000       0x18 /mnt/d/GitHub/weather-station/esp-generic/build/bootloader/spi_flash/libspi_flash.a(spi_flash.o)
 .literal.spi_flash_read
                0x0000000000000000        0x8 /mnt/d/GitHub/weather-station/esp-generic/build/bootloader/spi_flash/libspi_flash.a(spi_flash.o)
 .literal.spi_flash_write
                0x0000000000000000       0x40 /mnt/d/GitHub/weather-station/esp-generic/build/bootloader/spi_flash/libspi_flash.a(spi_flash.o)
 .literal.spi_flash_erase_range
                0x0000000000000000       0x10 /mnt/d/GitHub/weather-station/esp-generic/build/bootloader/spi_flash/libspi_flash.a(spi_flash.o)
 .literal.spi_flash_cache2phys
                0x0000000000000000       0x14 /mnt/d/GitHub/weather-station/esp-generic/build/bootloader/spi_flash/libspi_flash.a(spi_flash.o)
 .literal.spi_flash_get_chip_size
                0x0000000000000000        0x4 /mnt/d/GitHub/weather-station/esp-generic/build/bootloader/spi_flash/libspi_flash.a(spi_flash.o)
 .text          0x0000000000000000        0x0 /mnt/d/GitHub/weather-station/esp-generic/build/bootloader/spi_flash/libspi_flash.a(spi_flash.o)
 .data          0x0000000000000000        0x0 /mnt/d/GitHub/weather-station/esp-generic/build/bootloader/spi_flash/libspi_flash.a(spi_flash.o)
 .bss           0x0000000000000000        0x0 /mnt/d/GitHub/weather-station/esp-generic/build/bootloader/spi_flash/libspi_flash.a(spi_flash.o)
 .text.spi_flash_program
                0x0000000000000000       0xbe /mnt/d/GitHub/weather-station/esp-generic/build/bootloader/spi_flash/libspi_flash.a(spi_flash.o)
 .text.__spi_flash_read
                0x0000000000000000       0x31 /mnt/d/GitHub/weather-station/esp-generic/build/bootloader/spi_flash/libspi_flash.a(spi_flash.o)
 .text.spi_flash_read$part$2
                0x0000000000000000       0xf0 /mnt/d/GitHub/weather-station/esp-generic/build/bootloader/spi_flash/libspi_flash.a(spi_flash.o)
 .text.spi_flash_write_status
                0x0000000000000000       0x2a /mnt/d/GitHub/weather-station/esp-generic/build/bootloader/spi_flash/libspi_flash.a(spi_flash.o)
 .text.spi_flash_check_wr_protect
                0x0000000000000000       0xf7 /mnt/d/GitHub/weather-station/esp-generic/build/bootloader/spi_flash/libspi_flash.a(spi_flash.o)
 .text.spi_flash_erase_sector
                0x0000000000000000       0x57 /mnt/d/GitHub/weather-station/esp-generic/build/bootloader/spi_flash/libspi_flash.a(spi_flash.o)
 .text.spi_flash_read
                0x0000000000000000       0x20 /mnt/d/GitHub/weather-station/esp-generic/build/bootloader/spi_flash/libspi_flash.a(spi_flash.o)
 .text.spi_flash_write
                0x0000000000000000      0x18f /mnt/d/GitHub/weather-station/esp-generic/build/bootloader/spi_flash/libspi_flash.a(spi_flash.o)
 .text.spi_flash_erase_range
                0x0000000000000000       0x52 /mnt/d/GitHub/weather-station/esp-generic/build/bootloader/spi_flash/libspi_flash.a(spi_flash.o)
 .text.spi_flash_cache2phys
                0x0000000000000000       0x3c /mnt/d/GitHub/weather-station/esp-generic/build/bootloader/spi_flash/libspi_flash.a(spi_flash.o)
 .text.spi_flash_get_chip_size
                0x0000000000000000        0x7 /mnt/d/GitHub/weather-station/esp-generic/build/bootloader/spi_flash/libspi_flash.a(spi_flash.o)
 .xt.lit        0x0000000000000000       0xb0 /mnt/d/GitHub/weather-station/esp-generic/build/bootloader/spi_flash/libspi_flash.a(spi_flash.o)
 .xt.prop       0x0000000000000000      0x7ec /mnt/d/GitHub/weather-station/esp-generic/build/bootloader/spi_flash/libspi_flash.a(spi_flash.o)
 .literal.spi_flash_write_status_raw
                0x0000000000000000       0x1c /mnt/d/GitHub/weather-station/esp-generic/build/bootloader/spi_flash/libspi_flash.a(spi_flash_raw.o)
 .literal.spi_flash_erase_sector_raw
                0x0000000000000000       0x14 /mnt/d/GitHub/weather-station/esp-generic/build/bootloader/spi_flash/libspi_flash.a(spi_flash_raw.o)
 .literal.spi_flash_write_raw
                0x0000000000000000        0xc /mnt/d/GitHub/weather-station/esp-generic/build/bootloader/spi_flash/libspi_flash.a(spi_flash_raw.o)
 .literal.spi_flash_read_raw
                0x0000000000000000        0xc /mnt/d/GitHub/weather-station/esp-generic/build/bootloader/spi_flash/libspi_flash.a(spi_flash_raw.o)
 .text          0x0000000000000000        0x0 /mnt/d/GitHub/weather-station/esp-generic/build/bootloader/spi_flash/libspi_flash.a(spi_flash_raw.o)
 .data          0x0000000000000000        0x0 /mnt/d/GitHub/weather-station/esp-generic/build/bootloader/spi_flash/libspi_flash.a(spi_flash_raw.o)
 .bss           0x0000000000000000        0x0 /mnt/d/GitHub/weather-station/esp-generic/build/bootloader/spi_flash/libspi_flash.a(spi_flash_raw.o)
 .text.spi_flash_write_status_raw
                0x0000000000000000       0x57 /mnt/d/GitHub/weather-station/esp-generic/build/bootloader/spi_flash/libspi_flash.a(spi_flash_raw.o)
 .text.spi_flash_erase_sector_raw
                0x0000000000000000       0x50 /mnt/d/GitHub/weather-station/esp-generic/build/bootloader/spi_flash/libspi_flash.a(spi_flash_raw.o)
 .text.spi_flash_write_raw
                0x0000000000000000       0x33 /mnt/d/GitHub/weather-station/esp-generic/build/bootloader/spi_flash/libspi_flash.a(spi_flash_raw.o)
 .text.spi_flash_read_raw
                0x0000000000000000       0x33 /mnt/d/GitHub/weather-station/esp-generic/build/bootloader/spi_flash/libspi_flash.a(spi_flash_raw.o)
 .xt.lit        0x0000000000000000       0x58 /mnt/d/GitHub/weather-station/esp-generic/build/bootloader/spi_flash/libspi_flash.a(spi_flash_raw.o)
 .xt.prop       0x0000000000000000      0x33c /mnt/d/GitHub/weather-station/esp-generic/build/bootloader/spi_flash/libspi_flash.a(spi_flash_raw.o)
 .text          0x0000000000000000        0x0 /mnt/d/GitHub/weather-station/esp-generic/build/bootloader/log/liblog.a(log.o)
 .data          0x0000000000000000        0x0 /mnt/d/GitHub/weather-station/esp-generic/build/bootloader/log/liblog.a(log.o)
 .bss           0x0000000000000000        0x0 /mnt/d/GitHub/weather-station/esp-generic/build/bootloader/log/liblog.a(log.o)
 .xt.lit        0x0000000000000000       0x10 /mnt/d/GitHub/weather-station/esp-generic/build/bootloader/log/liblog.a(log.o)
 .xt.prop       0x0000000000000000       0x90 /mnt/d/GitHub/weather-station/esp-generic/build/bootloader/log/liblog.a(log.o)
 .text          0x0000000000000000        0x0 /mnt/d/GitHub/weather-station/esp-generic/build/bootloader/esp8266/libesp8266.a(ets_printf.o)
 .data          0x0000000000000000        0x0 /mnt/d/GitHub/weather-station/esp-generic/build/bootloader/esp8266/libesp8266.a(ets_printf.o)
 .bss           0x0000000000000000        0x0 /mnt/d/GitHub/weather-station/esp-generic/build/bootloader/esp8266/libesp8266.a(ets_printf.o)
 .xt.lit        0x0000000000000000       0x18 /mnt/d/GitHub/weather-station/esp-generic/build/bootloader/esp8266/libesp8266.a(ets_printf.o)
 .xt.prop       0x0000000000000000       0xb4 /mnt/d/GitHub/weather-station/esp-generic/build/bootloader/esp8266/libesp8266.a(ets_printf.o)
 .literal.crc16_le
                0x0000000000000000        0x4 /mnt/d/GitHub/weather-station/esp-generic/build/bootloader/esp8266/libesp8266.a(crc.o)
 .literal.esp_crc8
                0x0000000000000000        0x4 /mnt/d/GitHub/weather-station/esp-generic/build/bootloader/esp8266/libesp8266.a(crc.o)
 .text          0x0000000000000000        0x0 /mnt/d/GitHub/weather-station/esp-generic/build/bootloader/esp8266/libesp8266.a(crc.o)
 .data          0x0000000000000000        0x0 /mnt/d/GitHub/weather-station/esp-generic/build/bootloader/esp8266/libesp8266.a(crc.o)
 .bss           0x0000000000000000        0x0 /mnt/d/GitHub/weather-station/esp-generic/build/bootloader/esp8266/libesp8266.a(crc.o)
 .text.crc16_le
                0x0000000000000000       0x3b /mnt/d/GitHub/weather-station/esp-generic/build/bootloader/esp8266/libesp8266.a(crc.o)
 .text.esp_crc8
                0x0000000000000000       0x21 /mnt/d/GitHub/weather-station/esp-generic/build/bootloader/esp8266/libesp8266.a(crc.o)
 .rodata.crc8_le_table
                0x0000000000000000      0x100 /mnt/d/GitHub/weather-station/esp-generic/build/bootloader/esp8266/libesp8266.a(crc.o)
 .rodata.crc16_le_table
                0x0000000000000000      0x200 /mnt/d/GitHub/weather-station/esp-generic/build/bootloader/esp8266/libesp8266.a(crc.o)
 .xt.lit        0x0000000000000000       0x18 /mnt/d/GitHub/weather-station/esp-generic/build/bootloader/esp8266/libesp8266.a(crc.o)
 .xt.prop       0x0000000000000000       0xfc /mnt/d/GitHub/weather-station/esp-generic/build/bootloader/esp8266/libesp8266.a(crc.o)
 .literal.esp_fast_boot_disable
                0x0000000000000000        0x8 /mnt/d/GitHub/weather-station/esp-generic/build/bootloader/esp8266/libesp8266.a(esp_fast_boot.o)
 .literal.esp_fast_boot_get_info
                0x0000000000000000       0x2c /mnt/d/GitHub/weather-station/esp-generic/build/bootloader/esp8266/libesp8266.a(esp_fast_boot.o)
 .literal.esp_fast_boot_print_info
                0x0000000000000000       0x2c /mnt/d/GitHub/weather-station/esp-generic/build/bootloader/esp8266/libesp8266.a(esp_fast_boot.o)
 .text          0x0000000000000000        0x0 /mnt/d/GitHub/weather-station/esp-generic/build/bootloader/esp8266/libesp8266.a(esp_fast_boot.o)
 .data          0x0000000000000000        0x0 /mnt/d/GitHub/weather-station/esp-generic/build/bootloader/esp8266/libesp8266.a(esp_fast_boot.o)
 .bss           0x0000000000000000        0x0 /mnt/d/GitHub/weather-station/esp-generic/build/bootloader/esp8266/libesp8266.a(esp_fast_boot.o)
 .text.esp_fast_boot_disable
                0x0000000000000000       0x19 /mnt/d/GitHub/weather-station/esp-generic/build/bootloader/esp8266/libesp8266.a(esp_fast_boot.o)
 .rodata.esp_fast_boot_get_info.str1.1
                0x0000000000000000       0x22 /mnt/d/GitHub/weather-station/esp-generic/build/bootloader/esp8266/libesp8266.a(esp_fast_boot.o)
 .text.esp_fast_boot_get_info
                0x0000000000000000       0x83 /mnt/d/GitHub/weather-station/esp-generic/build/bootloader/esp8266/libesp8266.a(esp_fast_boot.o)
 .rodata.esp_fast_boot_print_info.str1.1
                0x0000000000000000       0x53 /mnt/d/GitHub/weather-station/esp-generic/build/bootloader/esp8266/libesp8266.a(esp_fast_boot.o)
 .text.esp_fast_boot_print_info
                0x0000000000000000       0x4d /mnt/d/GitHub/weather-station/esp-generic/build/bootloader/esp8266/libesp8266.a(esp_fast_boot.o)
 .debug_frame   0x0000000000000000       0x88 /mnt/d/GitHub/weather-station/esp-generic/build/bootloader/esp8266/libesp8266.a(esp_fast_boot.o)
 .debug_info    0x0000000000000000      0xbf3 /mnt/d/GitHub/weather-station/esp-generic/build/bootloader/esp8266/libesp8266.a(esp_fast_boot.o)
 .debug_abbrev  0x0000000000000000      0x248 /mnt/d/GitHub/weather-station/esp-generic/build/bootloader/esp8266/libesp8266.a(esp_fast_boot.o)
 .debug_loc     0x0000000000000000       0xb0 /mnt/d/GitHub/weather-station/esp-generic/build/bootloader/esp8266/libesp8266.a(esp_fast_boot.o)
 .debug_aranges
                0x0000000000000000       0x30 /mnt/d/GitHub/weather-station/esp-generic/build/bootloader/esp8266/libesp8266.a(esp_fast_boot.o)
 .debug_ranges  0x0000000000000000       0x20 /mnt/d/GitHub/weather-station/esp-generic/build/bootloader/esp8266/libesp8266.a(esp_fast_boot.o)
 .debug_line    0x0000000000000000      0x53c /mnt/d/GitHub/weather-station/esp-generic/build/bootloader/esp8266/libesp8266.a(esp_fast_boot.o)
 .debug_str     0x0000000000000000      0x730 /mnt/d/GitHub/weather-station/esp-generic/build/bootloader/esp8266/libesp8266.a(esp_fast_boot.o)
 .comment       0x0000000000000000       0x32 /mnt/d/GitHub/weather-station/esp-generic/build/bootloader/esp8266/libesp8266.a(esp_fast_boot.o)
 .xt.lit        0x0000000000000000       0x18 /mnt/d/GitHub/weather-station/esp-generic/build/bootloader/esp8266/libesp8266.a(esp_fast_boot.o)
 .xt.prop       0x0000000000000000       0xc0 /mnt/d/GitHub/weather-station/esp-generic/build/bootloader/esp8266/libesp8266.a(esp_fast_boot.o)
 .literal.phy_reg_default
                0x0000000000000000        0x0 /home/ivancivanov/esp/ESP8266_RTOS_SDK/components/esp8266/lib/libcore.a(phy.o)
 .text          0x0000000000000000        0x0 /home/ivancivanov/esp/ESP8266_RTOS_SDK/components/esp8266/lib/libcore.a(phy.o)
 .data          0x0000000000000000        0x0 /home/ivancivanov/esp/ESP8266_RTOS_SDK/components/esp8266/lib/libcore.a(phy.o)
 .bss           0x0000000000000000        0x0 /home/ivancivanov/esp/ESP8266_RTOS_SDK/components/esp8266/lib/libcore.a(phy.o)
 .xt.lit        0x0000000000000000        0x8 /home/ivancivanov/esp/ESP8266_RTOS_SDK/components/esp8266/lib/libcore.a(phy.o)
 .xt.prop       0x0000000000000000       0x48 /home/ivancivanov/esp/ESP8266_RTOS_SDK/components/esp8266/lib/libcore.a(phy.o)

Memory Configuration

Name             Origin             Length             Attributes
dport0_seg       0x000000003ff00000 0x0000000000000010
dram_seg         0x000000003ffe8000 0x0000000000017c00
iram_seg         0x0000000040100000 0x0000000000008000
*default*        0x0000000000000000 0xffffffffffffffff

Linker script and memory map

START GROUP
LOAD /mnt/d/GitHub/weather-station/esp-generic/build/bootloader/main/libmain.a
LOAD /home/ivancivanov/esp/ESP8266_RTOS_SDK/components/esp8266/lib/libcore.a
LOAD /mnt/d/GitHub/weather-station/esp-generic/build/bootloader/bootloader_support/libbootloader_support.a
LOAD /mnt/d/GitHub/weather-station/esp-generic/build/bootloader/spi_flash/libspi_flash.a
LOAD /mnt/d/GitHub/weather-station/esp-generic/build/bootloader/log/liblog.a
LOAD /mnt/d/GitHub/weather-station/esp-generic/build/bootloader/esp8266/libesp8266.a
LOAD /home/ivancivanov/esp/ESP8266_RTOS_SDK/components/esp8266/lib/libgcc.a
LOAD /home/ivancivanov/esp/xtensa-lx106-elf/bin/../lib/gcc/xtensa-lx106-elf/8.4.0/../../../../xtensa-lx106-elf/lib/libstdc++.a
LOAD /home/ivancivanov/esp/xtensa-lx106-elf/bin/../lib/gcc/xtensa-lx106-elf/8.4.0/libgcov.a
END GROUP

.text           0x0000000040100000     0x1758
                0x0000000040100000                _stext = .
                0x0000000040100000                _text_start = ABSOLUTE (.)
                0x0000000040100000                . = ALIGN (0x10)
 *(.entry.text)
 *(.init.literal)
 *(.init)
 *(.literal .text .literal.* .text.* .stub .gnu.warning .gnu.linkonce.literal.* .gnu.linkonce.t.*.literal .gnu.linkonce.t.*)
 .literal.call_start_cpu
                0x0000000040100000        0xc /mnt/d/GitHub/weather-station/esp-generic/build/bootloader/main/libmain.a(bootloader_start.o)
                                         0x24 (size before relaxing)
 .literal.bootloader_init
                0x000000004010000c       0x40 /mnt/d/GitHub/weather-station/esp-generic/build/bootloader/bootloader_support/libbootloader_support.a(bootloader_init.o)
                                         0x68 (size before relaxing)
 .literal.log_invalid_app_partition
                0x000000004010004c       0x14 /mnt/d/GitHub/weather-station/esp-generic/build/bootloader/bootloader_support/libbootloader_support.a(bootloader_utility.o)
                                         0x1c (size before relaxing)
 .literal.try_load_partition
                0x0000000040100060        0x4 /mnt/d/GitHub/weather-station/esp-generic/build/bootloader/bootloader_support/libbootloader_support.a(bootloader_utility.o)
                                         0x10 (size before relaxing)
 .literal.bootloader_utility_load_partition_table
                0x0000000040100064       0x4c /mnt/d/GitHub/weather-station/esp-generic/build/bootloader/bootloader_support/libbootloader_support.a(bootloader_utility.o)
                                         0x74 (size before relaxing)
 .literal.bootloader_utility_get_selected_boot_partition
                0x00000000401000b0       0x1c /mnt/d/GitHub/weather-station/esp-generic/build/bootloader/bootloader_support/libbootloader_support.a(bootloader_utility.o)
                                         0x50 (size before relaxing)
 .literal.bootloader_utility_load_boot_image
                0x00000000401000cc        0xc /mnt/d/GitHub/weather-station/esp-generic/build/bootloader/bootloader_support/libbootloader_support.a(bootloader_utility.o)
                                         0x3c (size before relaxing)
 .literal.bootloader_utility_load_image
                0x00000000401000d8        0x0 /mnt/d/GitHub/weather-station/esp-generic/build/bootloader/bootloader_support/libbootloader_support.a(bootloader_utility.o)
                                          0x4 (size before relaxing)
 .literal.bootloader_common_ota_select_crc
                0x00000000401000d8        0x0 /mnt/d/GitHub/weather-station/esp-generic/build/bootloader/bootloader_support/libbootloader_support.a(bootloader_common.o)
                                          0x4 (size before relaxing)
 .literal.bootloader_common_ota_select_valid
                0x00000000401000d8        0x0 /mnt/d/GitHub/weather-station/esp-generic/build/bootloader/bootloader_support/libbootloader_support.a(bootloader_common.o)
                                          0x4 (size before relaxing)
 .literal.esp_partition_table_basic_verify
                0x00000000401000d8       0x1c /mnt/d/GitHub/weather-station/esp-generic/build/bootloader/bootloader_support/libbootloader_support.a(flash_partitions.o)
                                         0x2c (size before relaxing)
 .literal.esp_image_load
                0x00000000401000f4       0x58 /mnt/d/GitHub/weather-station/esp-generic/build/bootloader/bootloader_support/libbootloader_support.a(esp_image_format.o)
                                         0x9c (size before relaxing)
 .literal.bootloader_mmap
                0x000000004010014c       0x2c /mnt/d/GitHub/weather-station/esp-generic/build/bootloader/bootloader_support/libbootloader_support.a(bootloader_flash.o)
                                         0x38 (size before relaxing)
 .literal.bootloader_munmap
                0x0000000040100178        0x0 /mnt/d/GitHub/weather-station/esp-generic/build/bootloader/bootloader_support/libbootloader_support.a(bootloader_flash.o)
                                          0x8 (size before relaxing)
 .literal.bootloader_flash_read
                0x0000000040100178       0x10 /mnt/d/GitHub/weather-station/esp-generic/build/bootloader/bootloader_support/libbootloader_support.a(bootloader_flash.o)
                                         0x18 (size before relaxing)
 .literal.spi_user_cmd
                0x0000000040100188        0x4 /mnt/d/GitHub/weather-station/esp-generic/build/bootloader/spi_flash/libspi_flash.a(spi_flash.o)
                                          0xc (size before relaxing)
 .literal.special_flash_read_status
                0x000000004010018c        0x0 /mnt/d/GitHub/weather-station/esp-generic/build/bootloader/spi_flash/libspi_flash.a(spi_flash.o)
                                          0x4 (size before relaxing)
 .literal.special_flash_write_status
                0x000000004010018c        0x0 /mnt/d/GitHub/weather-station/esp-generic/build/bootloader/spi_flash/libspi_flash.a(spi_flash.o)
                                          0x4 (size before relaxing)
 .literal.en25q16x_read_sfdp
                0x000000004010018c        0x8 /mnt/d/GitHub/weather-station/esp-generic/build/bootloader/spi_flash/libspi_flash.a(spi_flash.o)
                                          0xc (size before relaxing)
 .literal.spi_flash_get_id
                0x0000000040100194        0x0 /mnt/d/GitHub/weather-station/esp-generic/build/bootloader/spi_flash/libspi_flash.a(spi_flash.o)
                                          0xc (size before relaxing)
 .literal.spi_flash_read_status
                0x0000000040100194        0x0 /mnt/d/GitHub/weather-station/esp-generic/build/bootloader/spi_flash/libspi_flash.a(spi_flash.o)
                                          0xc (size before relaxing)
 .literal.spi_flash_issi_enable_QIO_mode
                0x0000000040100194        0x0 /mnt/d/GitHub/weather-station/esp-generic/build/bootloader/spi_flash/libspi_flash.a(spi_flash.o)
                                          0xc (size before relaxing)
 .literal.special_flash_set_mode
                0x0000000040100194        0x0 /mnt/d/GitHub/weather-station/esp-generic/build/bootloader/spi_flash/libspi_flash.a(spi_flash.o)
                                          0x4 (size before relaxing)
 .literal.en25q16x_write_volatile_status
                0x0000000040100194        0x0 /mnt/d/GitHub/weather-station/esp-generic/build/bootloader/spi_flash/libspi_flash.a(spi_flash.o)
                                         0x14 (size before relaxing)
 .literal.user_spi_flash_dio_to_qio_pre_init
                0x0000000040100194        0xc /mnt/d/GitHub/weather-station/esp-generic/build/bootloader/spi_flash/libspi_flash.a(spi_flash.o)
                                         0x34 (size before relaxing)
 .literal.esp_spi_flash_init
                0x00000000401001a0       0x20 /mnt/d/GitHub/weather-station/esp-generic/build/bootloader/spi_flash/libspi_flash.a(spi_flash.o)
                                         0x28 (size before relaxing)
 .literal.Cache_Read_Disable_2
                0x00000000401001c0        0xc /mnt/d/GitHub/weather-station/esp-generic/build/bootloader/spi_flash/libspi_flash.a(spi_flash_raw.o)
                                         0x10 (size before relaxing)
 .literal.Cache_Read_Enable_2
                0x00000000401001cc        0x4 /mnt/d/GitHub/weather-station/esp-generic/build/bootloader/spi_flash/libspi_flash.a(spi_flash_raw.o)
                                          0xc (size before relaxing)
 .literal.spi_flash_get_id_raw
                0x00000000401001d0       0x10 /mnt/d/GitHub/weather-station/esp-generic/build/bootloader/spi_flash/libspi_flash.a(spi_flash_raw.o)
                                         0x1c (size before relaxing)
 .literal.spi_flash_read_status_raw
                0x00000000401001e0        0x4 /mnt/d/GitHub/weather-station/esp-generic/build/bootloader/spi_flash/libspi_flash.a(spi_flash_raw.o)
                                          0xc (size before relaxing)
 .literal.spi_flash_enable_qmode_raw
                0x00000000401001e4        0x4 /mnt/d/GitHub/weather-station/esp-generic/build/bootloader/spi_flash/libspi_flash.a(spi_flash_raw.o)
                                         0x10 (size before relaxing)
 .literal.spi_user_cmd_raw
                0x00000000401001e8       0x64 /mnt/d/GitHub/weather-station/esp-generic/build/bootloader/spi_flash/libspi_flash.a(spi_flash_raw.o)
                                         0x8c (size before relaxing)
 .literal.spi_flash_switch_to_qio_raw
                0x000000004010024c        0x8 /mnt/d/GitHub/weather-station/esp-generic/build/bootloader/spi_flash/libspi_flash.a(spi_flash_raw.o)
                                          0xc (size before relaxing)
 .literal.ets_putc
                0x0000000040100254        0x8 /mnt/d/GitHub/weather-station/esp-generic/build/bootloader/esp8266/libesp8266.a(ets_printf.o)
 .literal.ets_vprintf
                0x000000004010025c        0x8 /mnt/d/GitHub/weather-station/esp-generic/build/bootloader/esp8266/libesp8266.a(ets_printf.o)
 .literal.crc32_le
                0x0000000040100264        0x4 /mnt/d/GitHub/weather-station/esp-generic/build/bootloader/esp8266/libesp8266.a(crc.o)
 .iram1.0.literal
                0x0000000040100268        0x8 /mnt/d/GitHub/weather-station/esp-generic/build/bootloader/log/liblog.a(log.o)
 .iram1.1.literal
                0x0000000040100270       0x18 /mnt/d/GitHub/weather-station/esp-generic/build/bootloader/log/liblog.a(log.o)
                                         0x30 (size before relaxing)
 .iram1.0.literal
                0x0000000040100288        0x0 /mnt/d/GitHub/weather-station/esp-generic/build/bootloader/esp8266/libesp8266.a(ets_printf.o)
                                          0x8 (size before relaxing)
 .text.call_start_cpu
                0x0000000040100288       0x66 /mnt/d/GitHub/weather-station/esp-generic/build/bootloader/main/libmain.a(bootloader_start.o)
                                         0x7a (size before relaxing)
                0x0000000040100288                call_start_cpu
 *fill*         0x00000000401002ee        0x2 
 .text.bootloader_init
                0x00000000401002f0       0xda /mnt/d/GitHub/weather-station/esp-generic/build/bootloader/bootloader_support/libbootloader_support.a(bootloader_init.o)
                                         0xf6 (size before relaxing)
                0x00000000401002f0                bootloader_init
 *fill*         0x00000000401003ca        0x2 
 .text.log_invalid_app_partition
                0x00000000401003cc       0x3d /mnt/d/GitHub/weather-station/esp-generic/build/bootloader/bootloader_support/libbootloader_support.a(bootloader_utility.o)
 *fill*         0x0000000040100409        0x3 
 .text.try_load_partition
                0x000000004010040c       0x37 /mnt/d/GitHub/weather-station/esp-generic/build/bootloader/bootloader_support/libbootloader_support.a(bootloader_utility.o)
                                         0x3f (size before relaxing)
 *fill*         0x0000000040100443        0x1 
 .text.bootloader_utility_load_partition_table
                0x0000000040100444      0x15b /mnt/d/GitHub/weather-station/esp-generic/build/bootloader/bootloader_support/libbootloader_support.a(bootloader_utility.o)
                                        0x16f (size before relaxing)
                0x0000000040100444                bootloader_utility_load_partition_table
 *fill*         0x000000004010059f        0x1 
 .text.bootloader_utility_get_selected_boot_partition
                0x00000000401005a0       0xff /mnt/d/GitHub/weather-station/esp-generic/build/bootloader/bootloader_support/libbootloader_support.a(bootloader_utility.o)
                                        0x112 (size before relaxing)
                0x00000000401005a0                bootloader_utility_get_selected_boot_partition
 *fill*         0x000000004010069f        0x1 
 .text.bootloader_utility_load_boot_image
                0x00000000401006a0       0xd2 /mnt/d/GitHub/weather-station/esp-generic/build/bootloader/bootloader_support/libbootloader_support.a(bootloader_utility.o)
                                         0xea (size before relaxing)
                0x00000000401006a0                bootloader_utility_load_boot_image
 *fill*         0x0000000040100772        0x2 
 .text.bootloader_utility_load_image
                0x0000000040100774       0x28 /mnt/d/GitHub/weather-station/esp-generic/build/bootloader/bootloader_support/libbootloader_support.a(bootloader_utility.o)
                0x0000000040100774                bootloader_utility_load_image
 .text.bootloader_common_ota_select_crc
                0x000000004010079c       0x18 /mnt/d/GitHub/weather-station/esp-generic/build/bootloader/bootloader_support/libbootloader_support.a(bootloader_common.o)
                0x000000004010079c                bootloader_common_ota_select_crc
 .text.bootloader_common_ota_select_valid
                0x00000000401007b4       0x2d /mnt/d/GitHub/weather-station/esp-generic/build/bootloader/bootloader_support/libbootloader_support.a(bootloader_common.o)
                0x00000000401007b4                bootloader_common_ota_select_valid
 *fill*         0x00000000401007e1        0x3 
 .text.esp_partition_table_basic_verify
                0x00000000401007e4       0xd2 /mnt/d/GitHub/weather-station/esp-generic/build/bootloader/bootloader_support/libbootloader_support.a(flash_partitions.o)
                                         0xd6 (size before relaxing)
                0x00000000401007e4                esp_partition_table_basic_verify
 *fill*         0x00000000401008b6        0x2 
 .text.esp_image_load
                0x00000000401008b8      0x32b /mnt/d/GitHub/weather-station/esp-generic/build/bootloader/bootloader_support/libbootloader_support.a(esp_image_format.o)
                                        0x33f (size before relaxing)
                0x00000000401008b8                esp_image_load
 *fill*         0x0000000040100be3        0x1 
 .text.bootloader_mmap
                0x0000000040100be4       0x93 /mnt/d/GitHub/weather-station/esp-generic/build/bootloader/bootloader_support/libbootloader_support.a(bootloader_flash.o)
                                         0x9b (size before relaxing)
                0x0000000040100be4                bootloader_mmap
 *fill*         0x0000000040100c77        0x1 
 .text.bootloader_munmap
                0x0000000040100c78       0x23 /mnt/d/GitHub/weather-station/esp-generic/build/bootloader/bootloader_support/libbootloader_support.a(bootloader_flash.o)
                0x0000000040100c78                bootloader_munmap
 *fill*         0x0000000040100c9b        0x1 
 .text.bootloader_flash_read
                0x0000000040100c9c       0x4d /mnt/d/GitHub/weather-station/esp-generic/build/bootloader/bootloader_support/libbootloader_support.a(bootloader_flash.o)
                0x0000000040100c9c                bootloader_flash_read
 *fill*         0x0000000040100ce9        0x3 
 .text.spi_user_cmd
                0x0000000040100cec       0x43 /mnt/d/GitHub/weather-station/esp-generic/build/bootloader/spi_flash/libspi_flash.a(spi_flash.o)
                0x0000000040100cec                spi_user_cmd
 *fill*         0x0000000040100d2f        0x1 
 .text.special_flash_read_status
                0x0000000040100d30       0x35 /mnt/d/GitHub/weather-station/esp-generic/build/bootloader/spi_flash/libspi_flash.a(spi_flash.o)
                0x0000000040100d30                special_flash_read_status
 *fill*         0x0000000040100d65        0x3 
 .text.special_flash_write_status
                0x0000000040100d68       0x4d /mnt/d/GitHub/weather-station/esp-generic/build/bootloader/spi_flash/libspi_flash.a(spi_flash.o)
                0x0000000040100d68                special_flash_write_status
 *fill*         0x0000000040100db5        0x3 
 .text.en25q16x_read_sfdp
                0x0000000040100db8       0x3e /mnt/d/GitHub/weather-station/esp-generic/build/bootloader/spi_flash/libspi_flash.a(spi_flash.o)
                                         0x42 (size before relaxing)
                0x0000000040100db8                en25q16x_read_sfdp
 *fill*         0x0000000040100df6        0x2 
 .text.spi_flash_get_id
                0x0000000040100df8       0x26 /mnt/d/GitHub/weather-station/esp-generic/build/bootloader/spi_flash/libspi_flash.a(spi_flash.o)
                0x0000000040100df8                spi_flash_get_id
 *fill*         0x0000000040100e1e        0x2 
 .text.spi_flash_read_status
                0x0000000040100e20       0x28 /mnt/d/GitHub/weather-station/esp-generic/build/bootloader/spi_flash/libspi_flash.a(spi_flash.o)
                0x0000000040100e20                spi_flash_read_status
 .text.spi_flash_issi_enable_QIO_mode
                0x0000000040100e48       0x3b /mnt/d/GitHub/weather-station/esp-generic/build/bootloader/spi_flash/libspi_flash.a(spi_flash.o)
                                         0x43 (size before relaxing)
 *fill*         0x0000000040100e83        0x1 
 .text.special_flash_set_mode
                0x0000000040100e84       0x3b /mnt/d/GitHub/weather-station/esp-generic/build/bootloader/spi_flash/libspi_flash.a(spi_flash.o)
                0x0000000040100e84                special_flash_set_mode
 *fill*         0x0000000040100ebf        0x1 
 .text.en25q16x_write_volatile_status
                0x0000000040100ec0       0x4f /mnt/d/GitHub/weather-station/esp-generic/build/bootloader/spi_flash/libspi_flash.a(spi_flash.o)
                                         0x5b (size before relaxing)
                0x0000000040100ec0                en25q16x_write_volatile_status
 *fill*         0x0000000040100f0f        0x1 
 .text.user_spi_flash_dio_to_qio_pre_init
                0x0000000040100f10       0xc4 /mnt/d/GitHub/weather-station/esp-generic/build/bootloader/spi_flash/libspi_flash.a(spi_flash.o)
                                         0xd7 (size before relaxing)
                0x0000000040100f10                user_spi_flash_dio_to_qio_pre_init
 *fill*         0x0000000040100fd4        0x0 
 .text.esp_spi_flash_init
                0x0000000040100fd4       0xb1 /mnt/d/GitHub/weather-station/esp-generic/build/bootloader/spi_flash/libspi_flash.a(spi_flash.o)
                                         0xb5 (size before relaxing)
                0x0000000040100fd4                esp_spi_flash_init
 *fill*         0x0000000040101085        0x3 
 .text.Cache_Read_Disable_2
                0x0000000040101088       0x35 /mnt/d/GitHub/weather-station/esp-generic/build/bootloader/spi_flash/libspi_flash.a(spi_flash_raw.o)
                0x0000000040101088                Cache_Read_Disable_2
 *fill*         0x00000000401010bd        0x3 
 .text.Cache_Read_Enable_2
                0x00000000401010c0       0x28 /mnt/d/GitHub/weather-station/esp-generic/build/bootloader/spi_flash/libspi_flash.a(spi_flash_raw.o)
                0x00000000401010c0                Cache_Read_Enable_New
                0x00000000401010c0                Cache_Read_Enable_2
 .text.spi_flash_get_id_raw
                0x00000000401010e8       0x4f /mnt/d/GitHub/weather-station/esp-generic/build/bootloader/spi_flash/libspi_flash.a(spi_flash_raw.o)
                0x00000000401010e8                spi_flash_get_id_raw
 *fill*         0x0000000040101137        0x1 
 .text.spi_flash_read_status_raw
                0x0000000040101138       0x27 /mnt/d/GitHub/weather-station/esp-generic/build/bootloader/spi_flash/libspi_flash.a(spi_flash_raw.o)
                                         0x2b (size before relaxing)
                0x0000000040101138                spi_flash_read_status_raw
 *fill*         0x000000004010115f        0x1 
 .text.spi_flash_enable_qmode_raw
                0x0000000040101160       0x33 /mnt/d/GitHub/weather-station/esp-generic/build/bootloader/spi_flash/libspi_flash.a(spi_flash_raw.o)
                                         0x37 (size before relaxing)
                0x0000000040101160                spi_flash_enable_qmode_raw
 *fill*         0x0000000040101193        0x1 
 .text.spi_user_cmd_raw
                0x0000000040101194      0x3b4 /mnt/d/GitHub/weather-station/esp-generic/build/bootloader/spi_flash/libspi_flash.a(spi_flash_raw.o)
                0x0000000040101194                spi_user_cmd_raw
 .text.spi_flash_switch_to_qio_raw
                0x0000000040101548       0x25 /mnt/d/GitHub/weather-station/esp-generic/build/bootloader/spi_flash/libspi_flash.a(spi_flash_raw.o)
                0x0000000040101548                spi_flash_switch_to_qio_raw
 *fill*         0x000000004010156d        0x3 
 .text.ets_putc
                0x0000000040101570       0x3b /mnt/d/GitHub/weather-station/esp-generic/build/bootloader/esp8266/libesp8266.a(ets_printf.o)
                0x0000000040101570                ets_putc
 *fill*         0x00000000401015ab        0x1 
 .text.ets_vprintf
                0x00000000401015ac       0x1f /mnt/d/GitHub/weather-station/esp-generic/build/bootloader/esp8266/libesp8266.a(ets_printf.o)
                0x00000000401015ac                ets_vprintf
 *fill*         0x00000000401015cb        0x1 
 .text.crc32_le
                0x00000000401015cc       0x31 /mnt/d/GitHub/weather-station/esp-generic/build/bootloader/esp8266/libesp8266.a(crc.o)
                0x00000000401015cc                crc32_le
 *fill*         0x00000000401015fd        0x3 
 .text.phy_reg_default
                0x0000000040101600       0x36 /home/ivancivanov/esp/ESP8266_RTOS_SDK/components/esp8266/lib/libcore.a(phy.o)
                0x0000000040101610                phy_reg_default
 *fill*         0x0000000040101636        0x0 
 *fill*         0x0000000040101636        0x2 
 .text.index_to_partition
                0x0000000040101638       0x43 /mnt/d/GitHub/weather-station/esp-generic/build/bootloader/bootloader_support/libbootloader_support.a(bootloader_utility.o)
 *fill*         0x000000004010167b        0x0 
 *fill*         0x000000004010167b        0x0 
 *fill*         0x000000004010167b        0x0 
 *fill*         0x000000004010167b        0x0 
 *fill*         0x000000004010167b        0x0 
 *fill*         0x000000004010167b        0x0 
 *fill*         0x000000004010167b        0x0 
 *fill*         0x000000004010167b        0x0 
 *fill*         0x000000004010167b        0x0 
 *fill*         0x000000004010167b        0x0 
 *fill*         0x000000004010167b        0x0 
 *fill*         0x000000004010167b        0x0 
 *fill*         0x000000004010167b        0x0 
 *fill*         0x000000004010167b        0x0 
 *fill*         0x000000004010167b        0x0 
 *fill*         0x000000004010167b        0x0 
 *fill*         0x000000004010167b        0x0 
 *fill*         0x000000004010167b        0x0 
 *fill*         0x000000004010167b        0x0 
 *fill*         0x000000004010167b        0x0 
 *fill*         0x000000004010167b        0x0 
 *fill*         0x000000004010167b        0x0 
 *fill*         0x000000004010167b        0x0 
 *fill*         0x000000004010167b        0x0 
 *fill*         0x000000004010167b        0x0 
 *fill*         0x000000004010167b        0x0 
 *fill*         0x000000004010167b        0x0 
 *fill*         0x000000004010167b        0x0 
 *fill*         0x000000004010167b        0x0 
 *fill*         0x000000004010167b        0x0 
 *(.iram1 .iram1.*)
 *fill*         0x000000004010167b        0x1 
 .iram1.0       0x000000004010167c       0x18 /mnt/d/GitHub/weather-station/esp-generic/build/bootloader/log/liblog.a(log.o)
                0x000000004010167c                esp_log_early_timestamp
 .iram1.1       0x0000000040101694       0x8a /mnt/d/GitHub/weather-station/esp-generic/build/bootloader/log/liblog.a(log.o)
                                         0x98 (size before relaxing)
                0x0000000040101694                esp_early_log_write
 *fill*         0x000000004010171e        0x2 
 .iram1.0       0x0000000040101720       0x38 /mnt/d/GitHub/weather-station/esp-generic/build/bootloader/esp8266/libesp8266.a(ets_printf.o)
                0x0000000040101720                ets_printf
 *fill*         0x0000000040101758        0x0 
 *(.fini.literal)
 *(.fini)
 *(.gnu.version)
                0x0000000040101758                _text_end = ABSOLUTE (.)
                0x0000000040101758                _etext = .

.bss            0x000000003ffe8000      0x408
                0x000000003ffe8000                . = ALIGN (0x8)
                0x000000003ffe8000                _bss_start = ABSOLUTE (.)
 *(.dynsbss)
 *(.sbss)
 *(.sbss.*)
 *(.gnu.linkonce.sb.*)
 *(.scommon)
 *(.sbss2)
 *(.sbss2.*)
 *(.gnu.linkonce.sb2.*)
 *(.dynbss)
 *(.bss)
 *(.bss.*)
 .bss.pbuf$3623
                0x000000003ffe8000      0x400 /mnt/d/GitHub/weather-station/esp-generic/build/bootloader/bootloader_support/libbootloader_support.a(esp_image_format.o)
 .bss.mapped    0x000000003ffe8400        0x1 /mnt/d/GitHub/weather-station/esp-generic/build/bootloader/bootloader_support/libbootloader_support.a(bootloader_flash.o)
 .bss.FlashIsOnGoing
                0x000000003ffe8401        0x1 /mnt/d/GitHub/weather-station/esp-generic/build/bootloader/spi_flash/libspi_flash.a(spi_flash.o)
                0x000000003ffe8401                FlashIsOnGoing
 *(.gnu.linkonce.b.*)
 *(COMMON)
                0x000000003ffe8408                . = ALIGN (0x8)
 *fill*         0x000000003ffe8402        0x6 
                0x000000003ffe8408                _bss_end = ABSOLUTE (.)

.data           0x000000003ffe8408       0x18
                0x000000003ffe8408                _data_start = ABSOLUTE (.)
 *(.data)
 *(.data.*)
 .data.g_rom_flashchip
                0x000000003ffe8408       0x18 /mnt/d/GitHub/weather-station/esp-generic/build/bootloader/spi_flash/libspi_flash.a(spi_flash.o)
                0x000000003ffe8408                g_rom_flashchip
 *(.gnu.linkonce.d.*)
 *(.data1)
 *(.sdata)
 *(.sdata.*)
 *(.gnu.linkonce.s.*)
 *(.sdata2)
 *(.sdata2.*)
 *(.gnu.linkonce.s2.*)
 *(.jcr)
                0x000000003ffe8420                _data_end = ABSOLUTE (.)

.rodata         0x000000003ffe8420      0xcc4
                0x000000003ffe8420                _rodata_start = ABSOLUTE (.)
 *(.rodata)
 *(.rodata.*)
 .rodata.call_start_cpu.str1.1
                0x000000003ffe8420       0x21 /mnt/d/GitHub/weather-station/esp-generic/build/bootloader/main/libmain.a(bootloader_start.o)
 .rodata.bootloader_init.str1.1
                0x000000003ffe8441       0xa0 /mnt/d/GitHub/weather-station/esp-generic/build/bootloader/bootloader_support/libbootloader_support.a(bootloader_init.o)
                                         0xa9 (size before relaxing)
 .rodata.str1.1
                0x000000003ffe84e1       0x34 /mnt/d/GitHub/weather-station/esp-generic/build/bootloader/bootloader_support/libbootloader_support.a(bootloader_init.o)
                                         0x39 (size before relaxing)
 *fill*         0x000000003ffe8515        0x3 
 .rodata.CSWTCH$14
                0x000000003ffe8518       0x20 /mnt/d/GitHub/weather-station/esp-generic/build/bootloader/bootloader_support/libbootloader_support.a(bootloader_init.o)
 .rodata.CSWTCH$13
                0x000000003ffe8538        0xc /mnt/d/GitHub/weather-station/esp-generic/build/bootloader/bootloader_support/libbootloader_support.a(bootloader_init.o)
 .rodata.CSWTCH$12
                0x000000003ffe8544       0x40 /mnt/d/GitHub/weather-station/esp-generic/build/bootloader/bootloader_support/libbootloader_support.a(bootloader_init.o)
 .rodata.log_invalid_app_partition.str1.1
                0x000000003ffe8584       0x62 /mnt/d/GitHub/weather-station/esp-generic/build/bootloader/bootloader_support/libbootloader_support.a(bootloader_utility.o)
                                         0x67 (size before relaxing)
 .rodata.try_load_partition.str1.1
                0x000000003ffe85e6       0x29 /mnt/d/GitHub/weather-station/esp-generic/build/bootloader/bootloader_support/libbootloader_support.a(bootloader_utility.o)
 .rodata.bootloader_utility_load_partition_table.str1.1
                0x000000003ffe860f      0x124 /mnt/d/GitHub/weather-station/esp-generic/build/bootloader/bootloader_support/libbootloader_support.a(bootloader_utility.o)
 .rodata.bootloader_utility_get_selected_boot_partition.str1.1
                0x000000003ffe8733       0xed /mnt/d/GitHub/weather-station/esp-generic/build/bootloader/bootloader_support/libbootloader_support.a(bootloader_utility.o)
 .rodata.bootloader_utility_load_boot_image.str1.1
                0x000000003ffe8820       0x98 /mnt/d/GitHub/weather-station/esp-generic/build/bootloader/bootloader_support/libbootloader_support.a(bootloader_utility.o)
 .rodata.esp_partition_table_basic_verify.str1.1
                0x000000003ffe88b8       0xb1 /mnt/d/GitHub/weather-station/esp-generic/build/bootloader/bootloader_support/libbootloader_support.a(flash_partitions.o)
 .rodata.esp_image_load.str1.1
                0x000000003ffe8969      0x227 /mnt/d/GitHub/weather-station/esp-generic/build/bootloader/bootloader_support/libbootloader_support.a(esp_image_format.o)
                                        0x228 (size before relaxing)
 .rodata.bootloader_mmap.str1.1
                0x000000003ffe8b90       0x53 /mnt/d/GitHub/weather-station/esp-generic/build/bootloader/bootloader_support/libbootloader_support.a(bootloader_flash.o)
 .rodata.bootloader_flash_read.str1.1
                0x000000003ffe8be3       0x9d /mnt/d/GitHub/weather-station/esp-generic/build/bootloader/bootloader_support/libbootloader_support.a(bootloader_flash.o)
 .rodata.esp_spi_flash_init.str1.1
                0x000000003ffe8c80       0x29 /mnt/d/GitHub/weather-station/esp-generic/build/bootloader/spi_flash/libspi_flash.a(spi_flash.o)
 .rodata.str1.1
                0x000000003ffe8ca9       0x1c /mnt/d/GitHub/weather-station/esp-generic/build/bootloader/log/liblog.a(log.o)
 .rodata.s_log_prefix
                0x000000003ffe8cc5        0x6 /mnt/d/GitHub/weather-station/esp-generic/build/bootloader/log/liblog.a(log.o)
 *fill*         0x000000003ffe8ccb        0x1 
 .rodata.s_log_color
                0x000000003ffe8ccc       0x18 /mnt/d/GitHub/weather-station/esp-generic/build/bootloader/log/liblog.a(log.o)
 .rodata.crc32_le_table
                0x000000003ffe8ce4      0x400 /mnt/d/GitHub/weather-station/esp-generic/build/bootloader/esp8266/libesp8266.a(crc.o)
 *(.gnu.linkonce.r.*)
 *(.rodata1)
                0x000000003ffe90e4                __XT_EXCEPTION_TABLE_ = ABSOLUTE (.)
 *(.xt_except_table)
 *(.gcc_except_table)
 *(.gnu.linkonce.e.*)
 *(.gnu.version_r)
 *(.eh_frame)
                0x000000003ffe90e4                . = ((. + 0x3) & 0xfffffffffffffffc)
                0x000000003ffe90e4                __init_array_start = ABSOLUTE (.)
 *crtbegin.o(.ctors)
 *(EXCLUDE_FILE(*crtend.o) .ctors)
 *(SORT_BY_NAME(.ctors.*))
 *(.ctors)
                0x000000003ffe90e4                __init_array_end = ABSOLUTE (.)
 *crtbegin.o(.dtors)
 *(EXCLUDE_FILE(*crtend.o) .dtors)
 *(SORT_BY_NAME(.dtors.*))
 *(.dtors)
                0x000000003ffe90e4                __XT_EXCEPTION_DESCS_ = ABSOLUTE (.)
 *(.xt_except_desc)
 *(.gnu.linkonce.h.*)
                0x000000003ffe90e4                __XT_EXCEPTION_DESCS_END__ = ABSOLUTE (.)
 *(.xt_except_desc_end)
 *(.dynamic)
 *(.gnu.version_d)
                0x000000003ffe90e4                _rodata_end = ABSOLUTE (.)
                0x000000003ffe90e4                _lit4_start = ABSOLUTE (.)
 *(*.lit4)
 *(.lit4.*)
 *(.gnu.linkonce.lit4.*)
                0x000000003ffe90e4                _lit4_end = ABSOLUTE (.)
                0x000000003ffe90e4                . = ALIGN (0x4)
                0x000000003ffe90e4                _heap_start = ABSOLUTE (.)
                0x0000000060001100                PROVIDE (rtc_sys_info = 0x60001100)
                0x00000000400040c0                PROVIDE (SPI_sector_erase = 0x400040c0)
                0x0000000040004174                PROVIDE (SPI_page_program = 0x40004174)
                0x00000000400042ac                PROVIDE (SPI_read_data = 0x400042ac)
                0x00000000400043c8                PROVIDE (SPI_read_status = 0x400043c8)
                0x0000000040004400                PROVIDE (SPI_write_status = 0x40004400)
                0x000000004000443c                PROVIDE (SPI_write_enable = 0x4000443c)
                0x000000004000448c                PROVIDE (Wait_SPI_Idle = 0x4000448c)
                0x00000000400044c0                PROVIDE (Enable_QMode = 0x400044c0)
                [!provide]                        PROVIDE (Disable_QMode = 0x40004508)
                0x0000000040004678                PROVIDE (Cache_Read_Enable = 0x40004678)
                0x00000000400047f0                PROVIDE (Cache_Read_Disable = 0x400047f0)
                [!provide]                        PROVIDE (lldesc_build_chain = 0x40004f40)
                [!provide]                        PROVIDE (lldesc_num2link = 0x40005050)
                [!provide]                        PROVIDE (lldesc_set_owner = 0x4000507c)
                0x000000004000c538                __adddf3 = 0x4000c538
                0x000000004000c180                __addsf3 = 0x4000c180
                0x000000004000cb94                __divdf3 = 0x4000cb94
                0x000000004000ce60                __divdi3 = 0x4000ce60
                0x000000004000dc88                __divsi3 = 0x4000dc88
                0x000000004000cdfc                __extendsfdf2 = 0x4000cdfc
                0x000000004000ccb8                __fixdfsi = 0x4000ccb8
                0x000000004000cd00                __fixunsdfsi = 0x4000cd00
                0x000000004000c4c4                __fixunssfsi = 0x4000c4c4
                0x000000004000e2f0                __floatsidf = 0x4000e2f0
                0x000000004000e2ac                __floatsisf = 0x4000e2ac
                0x000000004000e2e8                __floatunsidf = 0x4000e2e8
                0x000000004000e2a4                __floatunsisf = 0x4000e2a4
                0x000000004000c8f0                __muldf3 = 0x4000c8f0
                0x0000000040000650                __muldi3 = 0x40000650
                0x000000004000c3dc                __mulsf3 = 0x4000c3dc
                0x000000004000c688                __subdf3 = 0x4000c688
                0x000000004000c268                __subsf3 = 0x4000c268
                0x000000004000cd5c                __truncdfsf2 = 0x4000cd5c
                0x000000004000d310                __udivdi3 = 0x4000d310
                0x000000004000e21c                __udivsi3 = 0x4000e21c
                0x000000004000d770                __umoddi3 = 0x4000d770
                0x000000004000e268                __umodsi3 = 0x4000e268
                0x000000004000dcf0                __umulsidi3 = 0x4000dcf0
                0x000000004000de84                bzero = 0x4000de84
                0x000000004000dea8                memcmp = 0x4000dea8
                0x000000004000df48                memcpy = 0x4000df48
                0x000000004000e04c                memmove = 0x4000e04c
                0x000000004000e190                memset = 0x4000e190
                0x000000004000bdc8                strcmp = 0x4000bdc8
                0x000000004000bec8                strcpy = 0x4000bec8
                0x000000004000bf4c                strlen = 0x4000bf4c
                0x000000004000bfa8                strncmp = 0x4000bfa8
                0x000000004000c0a0                strncpy = 0x4000c0a0
                0x000000004000e1e0                strstr = 0x4000e1e0
                0x0000000040004cf0                PROVIDE (gpio_input_get = 0x40004cf0)
                [!provide]                        PROVIDE (gpio_pin_wakeup_disable = 0x40004ed4)
                [!provide]                        PROVIDE (gpio_pin_wakeup_enable = 0x40004e90)
                0x0000000040001f00                PROVIDE (ets_io_vprintf = 0x40001f00)
                [!provide]                        PROVIDE (uart_rx_one_char = 0x40003b8c)
                [!provide]                        PROVIDE (rom_i2c_readReg = 0x40007268)
                [!provide]                        PROVIDE (rom_i2c_readReg_Mask = 0x4000729c)
                [!provide]                        PROVIDE (rom_i2c_writeReg = 0x400072d8)
                [!provide]                        PROVIDE (rom_i2c_writeReg_Mask = 0x4000730c)
                [!provide]                        PROVIDE (rom_software_reboot = 0x40000080)
                [!provide]                        PROVIDE (ets_memcpy = 0x400018b4)
                0x0000000040004b1c                PROVIDE (SPIRead = 0x40004b1c)
                0x0000000040004a4c                PROVIDE (SPIWrite = 0x40004a4c)
                0x0000000040004a00                PROVIDE (SPIEraseSector = 0x40004a00)
                [!provide]                        PROVIDE (gpio_input_get = 0x40004cf0)
                [!provide]                        PROVIDE (xthal_get_ccount = 0x4000dd38)
                [!provide]                        PROVIDE (uart_div_modify = 0x400039d8)
                [!provide]                        PROVIDE (ets_io_vprintf = 0x40001f00)
OUTPUT(/mnt/d/GitHub/weather-station/esp-generic/build/bootloader/bootloader.elf elf32-xtensa-le)

.debug_frame    0x0000000000000000      0x90c
 .debug_frame   0x0000000000000000       0x30 /mnt/d/GitHub/weather-station/esp-generic/build/bootloader/main/libmain.a(bootloader_start.o)
 .debug_frame   0x0000000000000030       0x34 /mnt/d/GitHub/weather-station/esp-generic/build/bootloader/bootloader_support/libbootloader_support.a(bootloader_init.o)
 .debug_frame   0x0000000000000064      0x13c /mnt/d/GitHub/weather-station/esp-generic/build/bootloader/bootloader_support/libbootloader_support.a(bootloader_utility.o)
 .debug_frame   0x00000000000001a0       0x80 /mnt/d/GitHub/weather-station/esp-generic/build/bootloader/bootloader_support/libbootloader_support.a(bootloader_common.o)
 .debug_frame   0x0000000000000220       0x38 /mnt/d/GitHub/weather-station/esp-generic/build/bootloader/bootloader_support/libbootloader_support.a(flash_partitions.o)
 .debug_frame   0x0000000000000258       0x6c /mnt/d/GitHub/weather-station/esp-generic/build/bootloader/bootloader_support/libbootloader_support.a(esp_image_format.o)
 .debug_frame   0x00000000000002c4       0xd8 /mnt/d/GitHub/weather-station/esp-generic/build/bootloader/bootloader_support/libbootloader_support.a(bootloader_flash.o)
 .debug_frame   0x000000000000039c      0x31c /mnt/d/GitHub/weather-station/esp-generic/build/bootloader/spi_flash/libspi_flash.a(spi_flash.o)
 .debug_frame   0x00000000000006b8      0x15c /mnt/d/GitHub/weather-station/esp-generic/build/bootloader/spi_flash/libspi_flash.a(spi_flash_raw.o)
 .debug_frame   0x0000000000000814       0x58 /mnt/d/GitHub/weather-station/esp-generic/build/bootloader/log/liblog.a(log.o)
 .debug_frame   0x000000000000086c       0x60 /mnt/d/GitHub/weather-station/esp-generic/build/bootloader/esp8266/libesp8266.a(ets_printf.o)
 .debug_frame   0x00000000000008cc       0x40 /mnt/d/GitHub/weather-station/esp-generic/build/bootloader/esp8266/libesp8266.a(crc.o)

.debug_info     0x0000000000000000     0xc6f5
 .debug_info    0x0000000000000000      0xda0 /mnt/d/GitHub/weather-station/esp-generic/build/bootloader/main/libmain.a(bootloader_start.o)
 .debug_info    0x0000000000000da0      0xe22 /mnt/d/GitHub/weather-station/esp-generic/build/bootloader/bootloader_support/libbootloader_support.a(bootloader_init.o)
 .debug_info    0x0000000000001bc2     0x17b1 /mnt/d/GitHub/weather-station/esp-generic/build/bootloader/bootloader_support/libbootloader_support.a(bootloader_utility.o)
 .debug_info    0x0000000000003373     0x129b /mnt/d/GitHub/weather-station/esp-generic/build/bootloader/bootloader_support/libbootloader_support.a(bootloader_common.o)
 .debug_info    0x000000000000460e      0xc8e /mnt/d/GitHub/weather-station/esp-generic/build/bootloader/bootloader_support/libbootloader_support.a(flash_partitions.o)
 .debug_info    0x000000000000529c     0x15cf /mnt/d/GitHub/weather-station/esp-generic/build/bootloader/bootloader_support/libbootloader_support.a(esp_image_format.o)
 .debug_info    0x000000000000686b      0xd9d /mnt/d/GitHub/weather-station/esp-generic/build/bootloader/bootloader_support/libbootloader_support.a(bootloader_flash.o)
 .debug_info    0x0000000000007608     0x2003 /mnt/d/GitHub/weather-station/esp-generic/build/bootloader/spi_flash/libspi_flash.a(spi_flash.o)
 .debug_info    0x000000000000960b     0x106a /mnt/d/GitHub/weather-station/esp-generic/build/bootloader/spi_flash/libspi_flash.a(spi_flash_raw.o)
 .debug_info    0x000000000000a675     0x12b2 /mnt/d/GitHub/weather-station/esp-generic/build/bootloader/log/liblog.a(log.o)
 .debug_info    0x000000000000b927      0xb87 /mnt/d/GitHub/weather-station/esp-generic/build/bootloader/esp8266/libesp8266.a(ets_printf.o)
 .debug_info    0x000000000000c4ae      0x247 /mnt/d/GitHub/weather-station/esp-generic/build/bootloader/esp8266/libesp8266.a(crc.o)

.debug_abbrev   0x0000000000000000     0x2442
 .debug_abbrev  0x0000000000000000      0x2bd /mnt/d/GitHub/weather-station/esp-generic/build/bootloader/main/libmain.a(bootloader_start.o)
 .debug_abbrev  0x00000000000002bd      0x328 /mnt/d/GitHub/weather-station/esp-generic/build/bootloader/bootloader_support/libbootloader_support.a(bootloader_init.o)
 .debug_abbrev  0x00000000000005e5      0x3fe /mnt/d/GitHub/weather-station/esp-generic/build/bootloader/bootloader_support/libbootloader_support.a(bootloader_utility.o)
 .debug_abbrev  0x00000000000009e3      0x2ca /mnt/d/GitHub/weather-station/esp-generic/build/bootloader/bootloader_support/libbootloader_support.a(bootloader_common.o)
 .debug_abbrev  0x0000000000000cad      0x271 /mnt/d/GitHub/weather-station/esp-generic/build/bootloader/bootloader_support/libbootloader_support.a(flash_partitions.o)
 .debug_abbrev  0x0000000000000f1e      0x35f /mnt/d/GitHub/weather-station/esp-generic/build/bootloader/bootloader_support/libbootloader_support.a(esp_image_format.o)
 .debug_abbrev  0x000000000000127d      0x2d6 /mnt/d/GitHub/weather-station/esp-generic/build/bootloader/bootloader_support/libbootloader_support.a(bootloader_flash.o)
 .debug_abbrev  0x0000000000001553      0x580 /mnt/d/GitHub/weather-station/esp-generic/build/bootloader/spi_flash/libspi_flash.a(spi_flash.o)
 .debug_abbrev  0x0000000000001ad3      0x29d /mnt/d/GitHub/weather-station/esp-generic/build/bootloader/spi_flash/libspi_flash.a(spi_flash_raw.o)
 .debug_abbrev  0x0000000000001d70      0x311 /mnt/d/GitHub/weather-station/esp-generic/build/bootloader/log/liblog.a(log.o)
 .debug_abbrev  0x0000000000002081      0x2e2 /mnt/d/GitHub/weather-station/esp-generic/build/bootloader/esp8266/libesp8266.a(ets_printf.o)
 .debug_abbrev  0x0000000000002363       0xdf /mnt/d/GitHub/weather-station/esp-generic/build/bootloader/esp8266/libesp8266.a(crc.o)

.debug_loc      0x0000000000000000     0x345e
 .debug_loc     0x0000000000000000       0x94 /mnt/d/GitHub/weather-station/esp-generic/build/bootloader/main/libmain.a(bootloader_start.o)
 .debug_loc     0x0000000000000094       0x67 /mnt/d/GitHub/weather-station/esp-generic/build/bootloader/bootloader_support/libbootloader_support.a(bootloader_init.o)
 .debug_loc     0x00000000000000fb      0x785 /mnt/d/GitHub/weather-station/esp-generic/build/bootloader/bootloader_support/libbootloader_support.a(bootloader_utility.o)
 .debug_loc     0x0000000000000880      0x17a /mnt/d/GitHub/weather-station/esp-generic/build/bootloader/bootloader_support/libbootloader_support.a(bootloader_common.o)
 .debug_loc     0x00000000000009fa      0x15f /mnt/d/GitHub/weather-station/esp-generic/build/bootloader/bootloader_support/libbootloader_support.a(flash_partitions.o)
 .debug_loc     0x0000000000000b59      0xad2 /mnt/d/GitHub/weather-station/esp-generic/build/bootloader/bootloader_support/libbootloader_support.a(esp_image_format.o)
 .debug_loc     0x000000000000162b      0x3dd /mnt/d/GitHub/weather-station/esp-generic/build/bootloader/bootloader_support/libbootloader_support.a(bootloader_flash.o)
 .debug_loc     0x0000000000001a08     0x115e /mnt/d/GitHub/weather-station/esp-generic/build/bootloader/spi_flash/libspi_flash.a(spi_flash.o)
 .debug_loc     0x0000000000002b66      0x592 /mnt/d/GitHub/weather-station/esp-generic/build/bootloader/spi_flash/libspi_flash.a(spi_flash_raw.o)
 .debug_loc     0x00000000000030f8       0xea /mnt/d/GitHub/weather-station/esp-generic/build/bootloader/log/liblog.a(log.o)
 .debug_loc     0x00000000000031e2       0xc6 /mnt/d/GitHub/weather-station/esp-generic/build/bootloader/esp8266/libesp8266.a(ets_printf.o)
 .debug_loc     0x00000000000032a8      0x1b6 /mnt/d/GitHub/weather-station/esp-generic/build/bootloader/esp8266/libesp8266.a(crc.o)

.debug_aranges  0x0000000000000000      0x310
 .debug_aranges
                0x0000000000000000       0x20 /mnt/d/GitHub/weather-station/esp-generic/build/bootloader/main/libmain.a(bootloader_start.o)
 .debug_aranges
                0x0000000000000020       0x20 /mnt/d/GitHub/weather-station/esp-generic/build/bootloader/bootloader_support/libbootloader_support.a(bootloader_init.o)
 .debug_aranges
                0x0000000000000040       0x58 /mnt/d/GitHub/weather-station/esp-generic/build/bootloader/bootloader_support/libbootloader_support.a(bootloader_utility.o)
 .debug_aranges
                0x0000000000000098       0x30 /mnt/d/GitHub/weather-station/esp-generic/build/bootloader/bootloader_support/libbootloader_support.a(bootloader_common.o)
 .debug_aranges
                0x00000000000000c8       0x20 /mnt/d/GitHub/weather-station/esp-generic/build/bootloader/bootloader_support/libbootloader_support.a(flash_partitions.o)
 .debug_aranges
                0x00000000000000e8       0x28 /mnt/d/GitHub/weather-station/esp-generic/build/bootloader/bootloader_support/libbootloader_support.a(esp_image_format.o)
 .debug_aranges
                0x0000000000000110       0x40 /mnt/d/GitHub/weather-station/esp-generic/build/bootloader/bootloader_support/libbootloader_support.a(bootloader_flash.o)
 .debug_aranges
                0x0000000000000150       0xc8 /mnt/d/GitHub/weather-station/esp-generic/build/bootloader/spi_flash/libspi_flash.a(spi_flash.o)
 .debug_aranges
                0x0000000000000218       0x70 /mnt/d/GitHub/weather-station/esp-generic/build/bootloader/spi_flash/libspi_flash.a(spi_flash_raw.o)
 .debug_aranges
                0x0000000000000288       0x28 /mnt/d/GitHub/weather-station/esp-generic/build/bootloader/log/liblog.a(log.o)
 .debug_aranges
                0x00000000000002b0       0x30 /mnt/d/GitHub/weather-station/esp-generic/build/bootloader/esp8266/libesp8266.a(ets_printf.o)
 .debug_aranges
                0x00000000000002e0       0x30 /mnt/d/GitHub/weather-station/esp-generic/build/bootloader/esp8266/libesp8266.a(crc.o)

.debug_ranges   0x0000000000000000      0x500
 .debug_ranges  0x0000000000000000       0x10 /mnt/d/GitHub/weather-station/esp-generic/build/bootloader/main/libmain.a(bootloader_start.o)
 .debug_ranges  0x0000000000000010       0x30 /mnt/d/GitHub/weather-station/esp-generic/build/bootloader/bootloader_support/libbootloader_support.a(bootloader_init.o)
 .debug_ranges  0x0000000000000040       0x80 /mnt/d/GitHub/weather-station/esp-generic/build/bootloader/bootloader_support/libbootloader_support.a(bootloader_utility.o)
 .debug_ranges  0x00000000000000c0       0x60 /mnt/d/GitHub/weather-station/esp-generic/build/bootloader/bootloader_support/libbootloader_support.a(bootloader_common.o)
 .debug_ranges  0x0000000000000120       0x10 /mnt/d/GitHub/weather-station/esp-generic/build/bootloader/bootloader_support/libbootloader_support.a(flash_partitions.o)
 .debug_ranges  0x0000000000000130      0x1b8 /mnt/d/GitHub/weather-station/esp-generic/build/bootloader/bootloader_support/libbootloader_support.a(esp_image_format.o)
 .debug_ranges  0x00000000000002e8       0x30 /mnt/d/GitHub/weather-station/esp-generic/build/bootloader/bootloader_support/libbootloader_support.a(bootloader_flash.o)
 .debug_ranges  0x0000000000000318       0xe8 /mnt/d/GitHub/weather-station/esp-generic/build/bootloader/spi_flash/libspi_flash.a(spi_flash.o)
 .debug_ranges  0x0000000000000400       0x60 /mnt/d/GitHub/weather-station/esp-generic/build/bootloader/spi_flash/libspi_flash.a(spi_flash_raw.o)
 .debug_ranges  0x0000000000000460       0x30 /mnt/d/GitHub/weather-station/esp-generic/build/bootloader/log/liblog.a(log.o)
 .debug_ranges  0x0000000000000490       0x50 /mnt/d/GitHub/weather-station/esp-generic/build/bootloader/esp8266/libesp8266.a(ets_printf.o)
 .debug_ranges  0x00000000000004e0       0x20 /mnt/d/GitHub/weather-station/esp-generic/build/bootloader/esp8266/libesp8266.a(crc.o)

.debug_line     0x0000000000000000     0x7694
 .debug_line    0x0000000000000000      0x485 /mnt/d/GitHub/weather-station/esp-generic/build/bootloader/main/libmain.a(bootloader_start.o)
 .debug_line    0x0000000000000485      0x5c1 /mnt/d/GitHub/weather-station/esp-generic/build/bootloader/bootloader_support/libbootloader_support.a(bootloader_init.o)
 .debug_line    0x0000000000000a46     0x1257 /mnt/d/GitHub/weather-station/esp-generic/build/bootloader/bootloader_support/libbootloader_support.a(bootloader_utility.o)
 .debug_line    0x0000000000001c9d      0x61f /mnt/d/GitHub/weather-station/esp-generic/build/bootloader/bootloader_support/libbootloader_support.a(bootloader_common.o)
 .debug_line    0x00000000000022bc      0x5b5 /mnt/d/GitHub/weather-station/esp-generic/build/bootloader/bootloader_support/libbootloader_support.a(flash_partitions.o)
 .debug_line    0x0000000000002871      0xe90 /mnt/d/GitHub/weather-station/esp-generic/build/bootloader/bootloader_support/libbootloader_support.a(esp_image_format.o)
 .debug_line    0x0000000000003701      0x7a3 /mnt/d/GitHub/weather-station/esp-generic/build/bootloader/bootloader_support/libbootloader_support.a(bootloader_flash.o)
 .debug_line    0x0000000000003ea4     0x1ec1 /mnt/d/GitHub/weather-station/esp-generic/build/bootloader/spi_flash/libspi_flash.a(spi_flash.o)
 .debug_line    0x0000000000005d65      0xc3d /mnt/d/GitHub/weather-station/esp-generic/build/bootloader/spi_flash/libspi_flash.a(spi_flash_raw.o)
 .debug_line    0x00000000000069a2      0x52d /mnt/d/GitHub/weather-station/esp-generic/build/bootloader/log/liblog.a(log.o)
 .debug_line    0x0000000000006ecf      0x461 /mnt/d/GitHub/weather-station/esp-generic/build/bootloader/esp8266/libesp8266.a(ets_printf.o)
 .debug_line    0x0000000000007330      0x364 /mnt/d/GitHub/weather-station/esp-generic/build/bootloader/esp8266/libesp8266.a(crc.o)

.debug_str      0x0000000000000000     0x2629
 .debug_str     0x0000000000000000      0x835 /mnt/d/GitHub/weather-station/esp-generic/build/bootloader/main/libmain.a(bootloader_start.o)
                                        0x90a (size before relaxing)
 .debug_str     0x0000000000000835      0x368 /mnt/d/GitHub/weather-station/esp-generic/build/bootloader/bootloader_support/libbootloader_support.a(bootloader_init.o)
                                        0xa31 (size before relaxing)
 .debug_str     0x0000000000000b9d      0x2eb /mnt/d/GitHub/weather-station/esp-generic/build/bootloader/bootloader_support/libbootloader_support.a(bootloader_utility.o)
                                        0xbbf (size before relaxing)
 .debug_str     0x0000000000000e88      0xabe /mnt/d/GitHub/weather-station/esp-generic/build/bootloader/bootloader_support/libbootloader_support.a(bootloader_common.o)
                                       0x10ed (size before relaxing)
 .debug_str     0x0000000000001946       0x86 /mnt/d/GitHub/weather-station/esp-generic/build/bootloader/bootloader_support/libbootloader_support.a(flash_partitions.o)
                                        0x7db (size before relaxing)
 .debug_str     0x00000000000019cc      0x1d7 /mnt/d/GitHub/weather-station/esp-generic/build/bootloader/bootloader_support/libbootloader_support.a(esp_image_format.o)
                                        0xbad (size before relaxing)
 .debug_str     0x0000000000001ba3      0x138 /mnt/d/GitHub/weather-station/esp-generic/build/bootloader/bootloader_support/libbootloader_support.a(bootloader_flash.o)
                                        0x7c3 (size before relaxing)
 .debug_str     0x0000000000001cdb      0x53f /mnt/d/GitHub/weather-station/esp-generic/build/bootloader/spi_flash/libspi_flash.a(spi_flash.o)
                                        0xd45 (size before relaxing)
 .debug_str     0x000000000000221a      0x12e /mnt/d/GitHub/weather-station/esp-generic/build/bootloader/spi_flash/libspi_flash.a(spi_flash_raw.o)
                                        0x8ed (size before relaxing)
 .debug_str     0x0000000000002348      0x131 /mnt/d/GitHub/weather-station/esp-generic/build/bootloader/log/liblog.a(log.o)
                                       0x1056 (size before relaxing)
 .debug_str     0x0000000000002479       0xbc /mnt/d/GitHub/weather-station/esp-generic/build/bootloader/esp8266/libesp8266.a(ets_printf.o)
                                        0x6bb (size before relaxing)
 .debug_str     0x0000000000002535       0xf4 /mnt/d/GitHub/weather-station/esp-generic/build/bootloader/esp8266/libesp8266.a(crc.o)
                                        0x1e3 (size before relaxing)

.comment        0x0000000000000000       0x31
 .comment       0x0000000000000000       0x31 /mnt/d/GitHub/weather-station/esp-generic/build/bootloader/main/libmain.a(bootloader_start.o)
                                         0x32 (size before relaxing)
 .comment       0x0000000000000031       0x32 /mnt/d/GitHub/weather-station/esp-generic/build/bootloader/bootloader_support/libbootloader_support.a(bootloader_init.o)
 .comment       0x0000000000000031       0x32 /mnt/d/GitHub/weather-station/esp-generic/build/bootloader/bootloader_support/libbootloader_support.a(bootloader_utility.o)
 .comment       0x0000000000000031       0x32 /mnt/d/GitHub/weather-station/esp-generic/build/bootloader/bootloader_support/libbootloader_support.a(bootloader_common.o)
 .comment       0x0000000000000031       0x32 /mnt/d/GitHub/weather-station/esp-generic/build/bootloader/bootloader_support/libbootloader_support.a(flash_partitions.o)
 .comment       0x0000000000000031       0x32 /mnt/d/GitHub/weather-station/esp-generic/build/bootloader/bootloader_support/libbootloader_support.a(esp_image_format.o)
 .comment       0x0000000000000031       0x32 /mnt/d/GitHub/weather-station/esp-generic/build/bootloader/bootloader_support/libbootloader_support.a(bootloader_flash.o)
 .comment       0x0000000000000031       0x32 /mnt/d/GitHub/weather-station/esp-generic/build/bootloader/spi_flash/libspi_flash.a(spi_flash.o)
 .comment       0x0000000000000031       0x32 /mnt/d/GitHub/weather-station/esp-generic/build/bootloader/spi_flash/libspi_flash.a(spi_flash_raw.o)
 .comment       0x0000000000000031       0x32 /mnt/d/GitHub/weather-station/esp-generic/build/bootloader/log/liblog.a(log.o)
 .comment       0x0000000000000031       0x32 /mnt/d/GitHub/weather-station/esp-generic/build/bootloader/esp8266/libesp8266.a(ets_printf.o)
 .comment       0x0000000000000031       0x32 /mnt/d/GitHub/weather-station/esp-generic/build/bootloader/esp8266/libesp8266.a(crc.o)
 .comment       0x0000000000000031       0x32 /home/ivancivanov/esp/ESP8266_RTOS_SDK/components/esp8266/lib/libcore.a(phy.o)

.xtensa.info    0x0000000000000000       0x38
 .xtensa.info   0x0000000000000000       0x38 /mnt/d/GitHub/weather-station/esp-generic/build/bootloader/main/libmain.a(bootloader_start.o)
 .xtensa.info   0x0000000000000038        0x0 /mnt/d/GitHub/weather-station/esp-generic/build/bootloader/bootloader_support/libbootloader_support.a(bootloader_init.o)
 .xtensa.info   0x0000000000000038        0x0 /mnt/d/GitHub/weather-station/esp-generic/build/bootloader/bootloader_support/libbootloader_support.a(bootloader_utility.o)
 .xtensa.info   0x0000000000000038        0x0 /mnt/d/GitHub/weather-station/esp-generic/build/bootloader/bootloader_support/libbootloader_support.a(bootloader_common.o)
 .xtensa.info   0x0000000000000038        0x0 /mnt/d/GitHub/weather-station/esp-generic/build/bootloader/bootloader_support/libbootloader_support.a(flash_partitions.o)
 .xtensa.info   0x0000000000000038        0x0 /mnt/d/GitHub/weather-station/esp-generic/build/bootloader/bootloader_support/libbootloader_support.a(esp_image_format.o)
 .xtensa.info   0x0000000000000038        0x0 /mnt/d/GitHub/weather-station/esp-generic/build/bootloader/bootloader_support/libbootloader_support.a(bootloader_flash.o)
 .xtensa.info   0x0000000000000038        0x0 /mnt/d/GitHub/weather-station/esp-generic/build/bootloader/spi_flash/libspi_flash.a(spi_flash.o)
 .xtensa.info   0x0000000000000038        0x0 /mnt/d/GitHub/weather-station/esp-generic/build/bootloader/spi_flash/libspi_flash.a(spi_flash_raw.o)
 .xtensa.info   0x0000000000000038        0x0 /mnt/d/GitHub/weather-station/esp-generic/build/bootloader/log/liblog.a(log.o)
 .xtensa.info   0x0000000000000038        0x0 /mnt/d/GitHub/weather-station/esp-generic/build/bootloader/esp8266/libesp8266.a(ets_printf.o)
 .xtensa.info   0x0000000000000038        0x0 /mnt/d/GitHub/weather-station/esp-generic/build/bootloader/esp8266/libesp8266.a(crc.o)
 .xtensa.info   0x0000000000000038        0x0 /mnt/d/GitHub/weather-station/esp-generic/build/bootloader/esp8266/libesp8266.a(esp_fast_boot.o)
 .xtensa.info   0x0000000000000038        0x0 /home/ivancivanov/esp/ESP8266_RTOS_SDK/components/esp8266/lib/libcore.a(phy.o)
